Archive member included to satisfy reference by file (symbol)

c:/mounriver/mrs_community/toolchain/risc-v embedded gcc/bin/../lib/gcc/riscv-none-embed/8.2.0/rv32imac/ilp32\libgcc.a(save-restore.o)
                              ./SPI_FLASH/SPI_FLASH.o (__riscv_save_9)
c:/mounriver/mrs_community/toolchain/risc-v embedded gcc/bin/../lib/gcc/riscv-none-embed/8.2.0/../../../../riscv-none-embed/lib/rv32imac/ilp32\libg_nano.a(lib_a-memcpy.o)
                              ./USB_Device/ch32v30x_usbfs_device.o (memcpy)
c:/mounriver/mrs_community/toolchain/risc-v embedded gcc/bin/../lib/gcc/riscv-none-embed/8.2.0/../../../../riscv-none-embed/lib/rv32imac/ilp32\libg_nano.a(lib_a-printf.o)
                              ./User/main.o (printf)
c:/mounriver/mrs_community/toolchain/risc-v embedded gcc/bin/../lib/gcc/riscv-none-embed/8.2.0/../../../../riscv-none-embed/lib/rv32imac/ilp32\libg_nano.a(lib_a-puts.o)
                              ./User/main.o (puts)
c:/mounriver/mrs_community/toolchain/risc-v embedded gcc/bin/../lib/gcc/riscv-none-embed/8.2.0/../../../../riscv-none-embed/lib/rv32imac/ilp32\libg_nano.a(lib_a-snprintf.o)
                              ./FAT12/FAT12.o (snprintf)
c:/mounriver/mrs_community/toolchain/risc-v embedded gcc/bin/../lib/gcc/riscv-none-embed/8.2.0/../../../../riscv-none-embed/lib/rv32imac/ilp32\libg_nano.a(lib_a-strcmp.o)
                              ./FAT12/FAT12.o (strcmp)
c:/mounriver/mrs_community/toolchain/risc-v embedded gcc/bin/../lib/gcc/riscv-none-embed/8.2.0/../../../../riscv-none-embed/lib/rv32imac/ilp32\libg_nano.a(lib_a-strncpy.o)
                              ./FAT12/FAT12.o (strncpy)
c:/mounriver/mrs_community/toolchain/risc-v embedded gcc/bin/../lib/gcc/riscv-none-embed/8.2.0/../../../../riscv-none-embed/lib/rv32imac/ilp32\libg_nano.a(lib_a-wbuf.o)
                              c:/mounriver/mrs_community/toolchain/risc-v embedded gcc/bin/../lib/gcc/riscv-none-embed/8.2.0/../../../../riscv-none-embed/lib/rv32imac/ilp32\libg_nano.a(lib_a-puts.o) (__swbuf_r)
c:/mounriver/mrs_community/toolchain/risc-v embedded gcc/bin/../lib/gcc/riscv-none-embed/8.2.0/../../../../riscv-none-embed/lib/rv32imac/ilp32\libg_nano.a(lib_a-wsetup.o)
                              c:/mounriver/mrs_community/toolchain/risc-v embedded gcc/bin/../lib/gcc/riscv-none-embed/8.2.0/../../../../riscv-none-embed/lib/rv32imac/ilp32\libg_nano.a(lib_a-puts.o) (__swsetup_r)
c:/mounriver/mrs_community/toolchain/risc-v embedded gcc/bin/../lib/gcc/riscv-none-embed/8.2.0/../../../../riscv-none-embed/lib/rv32imac/ilp32\libg_nano.a(lib_a-fflush.o)
                              c:/mounriver/mrs_community/toolchain/risc-v embedded gcc/bin/../lib/gcc/riscv-none-embed/8.2.0/../../../../riscv-none-embed/lib/rv32imac/ilp32\libg_nano.a(lib_a-wbuf.o) (_fflush_r)
c:/mounriver/mrs_community/toolchain/risc-v embedded gcc/bin/../lib/gcc/riscv-none-embed/8.2.0/../../../../riscv-none-embed/lib/rv32imac/ilp32\libg_nano.a(lib_a-findfp.o)
                              c:/mounriver/mrs_community/toolchain/risc-v embedded gcc/bin/../lib/gcc/riscv-none-embed/8.2.0/../../../../riscv-none-embed/lib/rv32imac/ilp32\libg_nano.a(lib_a-printf.o) (__sinit)
c:/mounriver/mrs_community/toolchain/risc-v embedded gcc/bin/../lib/gcc/riscv-none-embed/8.2.0/../../../../riscv-none-embed/lib/rv32imac/ilp32\libg_nano.a(lib_a-fwalk.o)
                              c:/mounriver/mrs_community/toolchain/risc-v embedded gcc/bin/../lib/gcc/riscv-none-embed/8.2.0/../../../../riscv-none-embed/lib/rv32imac/ilp32\libg_nano.a(lib_a-findfp.o) (_fwalk)
c:/mounriver/mrs_community/toolchain/risc-v embedded gcc/bin/../lib/gcc/riscv-none-embed/8.2.0/../../../../riscv-none-embed/lib/rv32imac/ilp32\libg_nano.a(lib_a-impure.o)
                              c:/mounriver/mrs_community/toolchain/risc-v embedded gcc/bin/../lib/gcc/riscv-none-embed/8.2.0/../../../../riscv-none-embed/lib/rv32imac/ilp32\libg_nano.a(lib_a-fflush.o) (_global_impure_ptr)
c:/mounriver/mrs_community/toolchain/risc-v embedded gcc/bin/../lib/gcc/riscv-none-embed/8.2.0/../../../../riscv-none-embed/lib/rv32imac/ilp32\libg_nano.a(lib_a-makebuf.o)
                              c:/mounriver/mrs_community/toolchain/risc-v embedded gcc/bin/../lib/gcc/riscv-none-embed/8.2.0/../../../../riscv-none-embed/lib/rv32imac/ilp32\libg_nano.a(lib_a-wsetup.o) (__smakebuf_r)
c:/mounriver/mrs_community/toolchain/risc-v embedded gcc/bin/../lib/gcc/riscv-none-embed/8.2.0/../../../../riscv-none-embed/lib/rv32imac/ilp32\libg_nano.a(lib_a-memset.o)
                              c:/mounriver/mrs_community/toolchain/risc-v embedded gcc/bin/../lib/gcc/riscv-none-embed/8.2.0/../../../../riscv-none-embed/lib/rv32imac/ilp32\libg_nano.a(lib_a-findfp.o) (memset)
c:/mounriver/mrs_community/toolchain/risc-v embedded gcc/bin/../lib/gcc/riscv-none-embed/8.2.0/../../../../riscv-none-embed/lib/rv32imac/ilp32\libg_nano.a(lib_a-nano-freer.o)
[...]
Memory Configuration

Name             Origin             Length             Attributes
FLASH            0x0000000000000000 0x0000000000030000 xr
RAM              0x0000000020000000 0x0000000000020000 xrw
*default*        0x0000000000000000 0xffffffffffffffff

Linker script and memory map

LOAD ./User/ch32v30x_it.o
LOAD ./User/main.o
LOAD ./User/system_ch32v30x.o
LOAD ./USB_Device/ch32v30x_usbfs_device.o
LOAD ./USB_Device/usb_desc.o
LOAD ./Startup/startup_ch32v30x_D8C.o
LOAD ./SW_UDISK/SW_UDISK.o
LOAD ./SPI_FLASH/SPI_FLASH.o
LOAD ./Peripheral/src/ch32v30x_adc.o
LOAD ./Peripheral/src/ch32v30x_bkp.o
LOAD ./Peripheral/src/ch32v30x_can.o
LOAD ./Peripheral/src/ch32v30x_crc.o
LOAD ./Peripheral/src/ch32v30x_dac.o
LOAD ./Peripheral/src/ch32v30x_dbgmcu.o
LOAD ./Peripheral/src/ch32v30x_dma.o
LOAD ./Peripheral/src/ch32v30x_dvp.o
LOAD ./Peripheral/src/ch32v30x_eth.o
LOAD ./Peripheral/src/ch32v30x_exti.o
LOAD ./Peripheral/src/ch32v30x_flash.o
LOAD ./Peripheral/src/ch32v30x_fsmc.o
LOAD ./Peripheral/src/ch32v30x_gpio.o
LOAD ./Peripheral/src/ch32v30x_i2c.o
LOAD ./Peripheral/src/ch32v30x_iwdg.o
LOAD ./Peripheral/src/ch32v30x_misc.o
LOAD ./Peripheral/src/ch32v30x_opa.o
LOAD ./Peripheral/src/ch32v30x_pwr.o
LOAD ./Peripheral/src/ch32v30x_rcc.o
LOAD ./Peripheral/src/ch32v30x_rng.o
LOAD ./Peripheral/src/ch32v30x_rtc.o
LOAD ./Peripheral/src/ch32v30x_sdio.o
LOAD ./Peripheral/src/ch32v30x_spi.o
LOAD ./Peripheral/src/ch32v30x_tim.o
LOAD ./Peripheral/src/ch32v30x_usart.o
LOAD ./Peripheral/src/ch32v30x_wwdg.o
LOAD ./FAT12/FAT12.o
LOAD ./Debug/debug.o
LOAD ./Core/core_riscv.o
LOAD c:/mounriver/mrs_community/toolchain/risc-v embedded gcc/bin/../lib/gcc/riscv-none-embed/8.2.0/../../../../riscv-none-embed/lib/rv32imac/ilp32\libm.a
LOAD c:/mounriver/mrs_community/toolchain/risc-v embedded gcc/bin/../lib/gcc/riscv-none-embed/8.2.0/rv32imac/ilp32\libgcc.a
LOAD c:/mounriver/mrs_community/toolchain/risc-v embedded gcc/bin/../lib/gcc/riscv-none-embed/8.2.0/../../../../riscv-none-embed/lib/rv32imac/ilp32\libg_nano.a
LOAD c:/mounriver/mrs_community/toolchain/risc-v embedded gcc/bin/../lib/gcc/riscv-none-embed/8.2.0/../../../../riscv-none-embed/lib/rv32imac/ilp32\libc_nano.a
LOAD c:/mounriver/mrs_community/toolchain/risc-v embedded gcc/bin/../lib/gcc/riscv-none-embed/8.2.0/rv32imac/ilp32\libgcc.a
START GROUP
LOAD c:/mounriver/mrs_community/toolchain/risc-v embedded gcc/bin/../lib/gcc/riscv-none-embed/8.2.0/rv32imac/ilp32\libgcc.a
LOAD c:/mounriver/mrs_community/toolchain/risc-v embedded gcc/bin/../lib/gcc/riscv-none-embed/8.2.0/../../../../riscv-none-embed/lib/rv32imac/ilp32\libc_nano.a
LOAD c:/mounriver/mrs_community/toolchain/risc-v embedded gcc/bin/../lib/gcc/riscv-none-embed/8.2.0/../../../../riscv-none-embed/lib/rv32imac/ilp32\libnosys.a
END GROUP
START GROUP
LOAD c:/mounriver/mrs_community/toolchain/risc-v embedded gcc/bin/../lib/gcc/riscv-none-embed/8.2.0/rv32imac/ilp32\libgcc.a
LOAD c:/mounriver/mrs_community/toolchain/risc-v embedded gcc/bin/../lib/gcc/riscv-none-embed/8.2.0/../../../../riscv-none-embed/lib/rv32imac/ilp32\libc_nano.a
LOAD c:/mounriver/mrs_community/toolchain/risc-v embedded gcc/bin/../lib/gcc/riscv-none-embed/8.2.0/../../../../riscv-none-embed/lib/rv32imac/ilp32\libnosys.a
END GROUP
                0x0000000000000800                __stack_size = 0x800
                [!provide]                        PROVIDE (_stack_size = __stack_size)

.init           0x0000000000000000        0x4
                0x0000000000000000                _sinit = .
                0x0000000000000000                . = ALIGN (0x4)
 *(SORT_NONE(.init))
 .init          0x0000000000000000        0x4 ./Startup/startup_ch32v30x_D8C.o
                0x0000000000000000                _start
                0x0000000000000004                . = ALIGN (0x4)
                0x0000000000000004                _einit = .

.vector         0x0000000000000004      0x1bc
 *(.vector)
 .vector        0x0000000000000004      0x1a0 ./Startup/startup_ch32v30x_D8C.o
                0x00000000000001c0                . = ALIGN (0x40)
 *fill*         0x00000000000001a4       0x1c 

.text           0x00000000000001c0     0x3aa0
                0x00000000000001c0                . = ALIGN (0x4)
 *(.text)
 .text          0x00000000000001c0       0x60 c:/mounriver/mrs_community/toolchain/risc-v embedded gcc/bin/../lib/gcc/riscv-none-embed/8.2.0/rv32imac/ilp32\libgcc.a(save-restore.o)
                0x00000000000001c0                __riscv_save_12
                0x00000000000001c8                __riscv_save_9
                0x00000000000001c8                __riscv_save_11
                0x00000000000001c8                __riscv_save_10
                0x00000000000001c8                __riscv_save_8
                0x00000000000001d6                __riscv_save_4
                0x00000000000001d6                __riscv_save_6
                0x00000000000001d6                __riscv_save_5
                0x00000000000001d6                __riscv_save_7
                0x00000000000001f0                __riscv_save_3
                0x00000000000001f0                __riscv_save_2
                0x00000000000001f0                __riscv_save_1
                0x00000000000001f0                __riscv_save_0
                0x00000000000001fc                __riscv_restore_12
                0x0000000000000200                __riscv_restore_11
                0x0000000000000200                __riscv_restore_9
                0x0000000000000200                __riscv_restore_10
                0x0000000000000200                __riscv_restore_8
                0x000000000000020a                __riscv_restore_5
                0x000000000000020a                __riscv_restore_7
                0x000000000000020a                __riscv_restore_6
                0x000000000000020a                __riscv_restore_4
                0x0000000000000214                __riscv_restore_3
                0x0000000000000214                __riscv_restore_0
                0x0000000000000214                __riscv_restore_2
                0x0000000000000214                __riscv_restore_1
 .text          0x0000000000000220      0x11e c:/mounriver/mrs_community/toolchain/risc-v embedded gcc/bin/../lib/gcc/riscv-none-embed/8.2.0/../../../../riscv-none-embed/lib/rv32imac/ilp32\libg_nano.a(lib_a-strcmp.o)
                0x0000000000000220                strcmp
 .text          0x000000000000033e       0xa8 c:/mounriver/mrs_community/toolchain/risc-v embedded gcc/bin/../lib/gcc/riscv-none-embed/8.2.0/../../../../riscv-none-embed/lib/rv32imac/ilp32\libg_nano.a(lib_a-memset.o)
                0x000000000000033e                memset
 *(.text.*)
 .text.NMI_Handler
                0x00000000000003e6        0x2 ./User/ch32v30x_it.o
                0x00000000000003e6                NMI_Handler
 .text.HardFault_Handler
                0x00000000000003e8        0x2 ./User/ch32v30x_it.o
                0x00000000000003e8                HardFault_Handler
 .text.startup.main
                0x00000000000003ea       0xaa ./User/main.o
                0x00000000000003ea                main
 .text.SystemInit
                0x0000000000000494       0xfa ./User/system_ch32v30x.o
                0x0000000000000494                SystemInit
 .text.SystemCoreClockUpdate
                0x000000000000058e       0xc0 ./User/system_ch32v30x.o
                0x000000000000058e                SystemCoreClockUpdate
 .text.USBFS_Device_Endp_Init
                0x000000000000064e       0x5a ./USB_Device/ch32v30x_usbfs_device.o
                0x000000000000064e                USBFS_Device_Endp_Init
 .text.USBFS_Endp_DataUp
                0x00000000000006a8       0xf4 ./USB_Device/ch32v30x_usbfs_device.o
                0x00000000000006a8                USBFS_Endp_DataUp
 .text.USBFS_IRQHandler
                0x000000000000079c      0x5ea ./USB_Device/ch32v30x_usbfs_device.o
                0x000000000000079c                USBFS_IRQHandler
 .text.vector_handler
                0x0000000000000d86        0x2 ./Startup/startup_ch32v30x_D8C.o
                0x0000000000000d86                EXTI2_IRQHandler
                0x0000000000000d86                TIM8_TRG_COM_IRQHandler
                0x0000000000000d86                TIM8_CC_IRQHandler
                0x0000000000000d86                UART8_IRQHandler
                0x0000000000000d86                TIM1_CC_IRQHandler
                0x0000000000000d86                TIM6_IRQHandler
                0x0000000000000d86                SysTick_Handler
                0x0000000000000d86                PVD_IRQHandler
                0x0000000000000d86                SDIO_IRQHandler
                0x0000000000000d86                TIM9_BRK_IRQHandler
                0x0000000000000d86                DMA2_Channel8_IRQHandler
                0x0000000000000d86                CAN2_RX1_IRQHandler
                0x0000000000000d86                EXTI3_IRQHandler
                0x0000000000000d86                USBHS_IRQHandler
                0x0000000000000d86                DMA2_Channel9_IRQHandler
                0x0000000000000d86                TIM10_CC_IRQHandler
                0x0000000000000d86                EXTI0_IRQHandler
                0x0000000000000d86                I2C2_EV_IRQHandler
                0x0000000000000d86                TIM10_TRG_COM_IRQHandler
                0x0000000000000d86                CAN2_SCE_IRQHandler
                0x0000000000000d86                ADC1_2_IRQHandler
                0x0000000000000d86                Break_Point_Handler
                0x0000000000000d86                SPI1_IRQHandler
                0x0000000000000d86                TAMPER_IRQHandler
                0x0000000000000d86                CAN2_RX0_IRQHandler
                0x0000000000000d86                TIM8_UP_IRQHandler
                0x0000000000000d86                Ecall_M_Mode_Handler
                0x0000000000000d86                DMA2_Channel2_IRQHandler
                0x0000000000000d86                DMA1_Channel4_IRQHandler
                0x0000000000000d86                TIM9_UP_IRQHandler
                0x0000000000000d86                USART3_IRQHandler
                0x0000000000000d86                RTC_IRQHandler
                0x0000000000000d86                DMA1_Channel7_IRQHandler
                0x0000000000000d86                CAN1_RX1_IRQHandler
                0x0000000000000d86                DVP_IRQHandler
                0x0000000000000d86                UART5_IRQHandler
                0x0000000000000d86                TIM4_IRQHandler
                0x0000000000000d86                DMA2_Channel1_IRQHandler
                0x0000000000000d86                I2C1_EV_IRQHandler
                0x0000000000000d86                DMA1_Channel6_IRQHandler
                0x0000000000000d86                UART4_IRQHandler
                0x0000000000000d86                DMA2_Channel4_IRQHandler
                0x0000000000000d86                TIM3_IRQHandler
                0x0000000000000d86                RCC_IRQHandler
                0x0000000000000d86                TIM1_TRG_COM_IRQHandler
                0x0000000000000d86                DMA1_Channel1_IRQHandler
                0x0000000000000d86                DMA2_Channel7_IRQHandler
                0x0000000000000d86                EXTI15_10_IRQHandler
                0x0000000000000d86                TIM7_IRQHandler
                0x0000000000000d86                CAN2_TX_IRQHandler
                0x0000000000000d86                TIM5_IRQHandler
                0x0000000000000d86                EXTI9_5_IRQHandler
                0x0000000000000d86                ETH_WKUP_IRQHandler
                0x0000000000000d86                SPI2_IRQHandler
                0x0000000000000d86                TIM10_BRK_IRQHandler
                0x0000000000000d86                TIM9_CC_IRQHandler
                0x0000000000000d86                DMA2_Channel5_IRQHandler
                0x0000000000000d86                DMA1_Channel5_IRQHandler
                0x0000000000000d86                EXTI4_IRQHandler
                0x0000000000000d86                USB_LP_CAN1_RX0_IRQHandler
                0x0000000000000d86                RNG_IRQHandler
                0x0000000000000d86                USB_HP_CAN1_TX_IRQHandler
                0x0000000000000d86                DMA1_Channel3_IRQHandler
                0x0000000000000d86                ETH_IRQHandler
                0x0000000000000d86                TIM1_UP_IRQHandler
                0x0000000000000d86                WWDG_IRQHandler
                0x0000000000000d86                USBHSWakeup_IRQHandler
                0x0000000000000d86                DMA2_Channel11_IRQHandler
                0x0000000000000d86                Ecall_U_Mode_Handler
                0x0000000000000d86                DMA2_Channel6_IRQHandler
                0x0000000000000d86                TIM2_IRQHandler
                0x0000000000000d86                SW_Handler
                0x0000000000000d86                TIM1_BRK_IRQHandler
                0x0000000000000d86                DMA2_Channel10_IRQHandler
                0x0000000000000d86                EXTI1_IRQHandler
                0x0000000000000d86                RTCAlarm_IRQHandler
                0x0000000000000d86                TIM10_UP_IRQHandler
                0x0000000000000d86                TIM9_TRG_COM_IRQHandler
                0x0000000000000d86                UART7_IRQHandler
                0x0000000000000d86                USART2_IRQHandler
                0x0000000000000d86                UART6_IRQHandler
                0x0000000000000d86                I2C2_ER_IRQHandler
                0x0000000000000d86                DMA1_Channel2_IRQHandler
                0x0000000000000d86                TIM8_BRK_IRQHandler
                0x0000000000000d86                CAN1_SCE_IRQHandler
                0x0000000000000d86                FLASH_IRQHandler
                0x0000000000000d86                USART1_IRQHandler
                0x0000000000000d86                SPI3_IRQHandler
                0x0000000000000d86                I2C1_ER_IRQHandler
                0x0000000000000d86                USBWakeUp_IRQHandler
                0x0000000000000d86                DMA2_Channel3_IRQHandler
 .text.handle_reset
                0x0000000000000d88       0x8e ./Startup/startup_ch32v30x_D8C.o
                0x0000000000000d88                handle_reset
 .text.UDISK_CMD_Deal_Fail
                0x0000000000000e16       0x52 ./SW_UDISK/SW_UDISK.o
                0x0000000000000e16                UDISK_CMD_Deal_Fail
 .text.CMD_RD_WR_Deal_Pre
                0x0000000000000e68       0x64 ./SW_UDISK/SW_UDISK.o
                0x0000000000000e68                CMD_RD_WR_Deal_Pre
 .text.UDISK_SCSI_CMD_Deal
                0x0000000000000ecc      0x3ec ./SW_UDISK/SW_UDISK.o
                0x0000000000000ecc                UDISK_SCSI_CMD_Deal
 .text.UDISK_Bulk_UpData
                0x00000000000012b8       0x54 ./SW_UDISK/SW_UDISK.o
                0x00000000000012b8                UDISK_Bulk_UpData
 .text.UDISK_Up_CSW
                0x000000000000130c       0x5c ./SW_UDISK/SW_UDISK.o
                0x000000000000130c                UDISK_Up_CSW
 .text.UDISK_Up_OnePack
                0x0000000000001368       0xa2 ./SW_UDISK/SW_UDISK.o
                0x0000000000001368                UDISK_Up_OnePack
 .text.UDISK_In_EP_Deal
                0x000000000000140a       0x36 ./SW_UDISK/SW_UDISK.o
                0x000000000000140a                UDISK_In_EP_Deal
 .text.UDISK_Down_OnePack
                0x0000000000001440       0xb6 ./SW_UDISK/SW_UDISK.o
                0x0000000000001440                UDISK_Down_OnePack
 .text.UDISK_Out_EP_Deal
                0x00000000000014f6       0x7a ./SW_UDISK/SW_UDISK.o
                0x00000000000014f6                UDISK_Out_EP_Deal
 .text.FLASH_Port_Init
                0x0000000000001570       0xb8 ./SPI_FLASH/SPI_FLASH.o
                0x0000000000001570                FLASH_Port_Init
 .text.SPI1_ReadWriteByte
                0x0000000000001628       0x56 ./SPI_FLASH/SPI_FLASH.o
                0x0000000000001628                SPI1_ReadWriteByte
 .text.SPI_FLASH_SendByte
                0x000000000000167e        0xa ./SPI_FLASH/SPI_FLASH.o
                0x000000000000167e                SPI_FLASH_SendByte
 .text.SPI_FLASH_ReadByte
                0x0000000000001688        0xe ./SPI_FLASH/SPI_FLASH.o
                0x0000000000001688                SPI_FLASH_ReadByte
 .text.FLASH_ReadJEDECID
                0x0000000000001696       0x3c ./SPI_FLASH/SPI_FLASH.o
                0x0000000000001696                FLASH_ReadJEDECID
 .text.FLASH_ReadUNIQUEID
                0x00000000000016d2        0xa ./SPI_FLASH/SPI_FLASH.o
                0x00000000000016d2                FLASH_ReadUNIQUEID
 .text.FLASH_WriteEnable
                0x00000000000016dc       0x1c ./SPI_FLASH/SPI_FLASH.o
                0x00000000000016dc                FLASH_WriteEnable
 .text.FLASH_ReadStatusReg
                0x00000000000016f8       0x1e ./SPI_FLASH/SPI_FLASH.o
                0x00000000000016f8                FLASH_ReadStatusReg
 .text.FLASH_Erase_Sector
                0x0000000000001716       0x44 ./SPI_FLASH/SPI_FLASH.o
                0x0000000000001716                FLASH_Erase_Sector
 .text.FLASH_RD_Block_Start
                0x000000000000175a       0x32 ./SPI_FLASH/SPI_FLASH.o
                0x000000000000175a                FLASH_RD_Block_Start
 .text.FLASH_RD_Block
                0x000000000000178c       0x1c ./SPI_FLASH/SPI_FLASH.o
                0x000000000000178c                FLASH_RD_Block
 .text.FLASH_RD_Block_End
                0x00000000000017a8        0xc ./SPI_FLASH/SPI_FLASH.o
                0x00000000000017a8                FLASH_RD_Block_End
 .text.W25XXX_WR_Page
                0x00000000000017b4       0x6c ./SPI_FLASH/SPI_FLASH.o
                0x00000000000017b4                W25XXX_WR_Page
 .text.W25XXX_WR_Block
                0x0000000000001820       0xde ./SPI_FLASH/SPI_FLASH.o
                0x0000000000001820                W25XXX_WR_Block
 .text.FLASH_IC_Check
                0x00000000000018fe      0x124 ./SPI_FLASH/SPI_FLASH.o
                0x00000000000018fe                FLASH_IC_Check
 .text.GPIO_Init
                0x0000000000001a22       0xc2 ./Peripheral/src/ch32v30x_gpio.o
                0x0000000000001a22                GPIO_Init
 .text.GPIO_SetBits
                0x0000000000001ae4        0x4 ./Peripheral/src/ch32v30x_gpio.o
                0x0000000000001ae4                GPIO_SetBits
 .text.RCC_GetClocksFreq
                0x0000000000001ae8      0x17e ./Peripheral/src/ch32v30x_rcc.o
                0x0000000000001ae8                RCC_GetClocksFreq
 .text.RCC_APB2PeriphClockCmd
                0x0000000000001c66       0x1e ./Peripheral/src/ch32v30x_rcc.o
                0x0000000000001c66                RCC_APB2PeriphClockCmd
 .text.SPI_Init
                0x0000000000001c84       0x5a ./Peripheral/src/ch32v30x_spi.o
                0x0000000000001c84                SPI_Init
 .text.SPI_Cmd  0x0000000000001cde       0x1e ./Peripheral/src/ch32v30x_spi.o
                0x0000000000001cde                SPI_Cmd
 .text.SPI_I2S_SendData
                0x0000000000001cfc        0x6 ./Peripheral/src/ch32v30x_spi.o
                0x0000000000001cfc                SPI_I2S_SendData
 .text.SPI_I2S_ReceiveData
                0x0000000000001d02        0x6 ./Peripheral/src/ch32v30x_spi.o
                0x0000000000001d02                SPI_I2S_ReceiveData
 .text.SPI_I2S_GetFlagStatus
                0x0000000000001d08        0xc ./Peripheral/src/ch32v30x_spi.o
                0x0000000000001d08                SPI_I2S_GetFlagStatus
 .text.USART_Init
                0x0000000000001d14       0xa6 ./Peripheral/src/ch32v30x_usart.o
                0x0000000000001d14                USART_Init
 .text.USART_Cmd
                0x0000000000001dba       0x1c ./Peripheral/src/ch32v30x_usart.o
                0x0000000000001dba                USART_Cmd
 .text.USART_SendData
                0x0000000000001dd6        0xa ./Peripheral/src/ch32v30x_usart.o
                0x0000000000001dd6                USART_SendData
 .text.USART_GetFlagStatus
                0x0000000000001de0        0xc ./Peripheral/src/ch32v30x_usart.o
                0x0000000000001de0                USART_GetFlagStatus
 .text.read32   0x0000000000001dec       0x20 ./FAT12/FAT12.o
                0x0000000000001dec                read32
 .text.read16_spi
                0x0000000000001e0c       0x20 ./FAT12/FAT12.o
                0x0000000000001e0c                read16_spi
 .text.load_bpb_spi
                0x0000000000001e2c       0x84 ./FAT12/FAT12.o
                0x0000000000001e2c                load_bpb_spi
 .text.get_file_location_spi
                0x0000000000001eb0       0x18 ./FAT12/FAT12.o
                0x0000000000001eb0                get_file_location_spi
 .text.list_files_spi
                0x0000000000001ec8       0x94 ./FAT12/FAT12.o
                0x0000000000001ec8                list_files_spi
 .text.get_file_size_spi
                0x0000000000001f5c       0xea ./FAT12/FAT12.o
                0x0000000000001f5c                get_file_size_spi
 .text.Delay_Init
                0x0000000000002046       0x2a ./Debug/debug.o
                0x0000000000002046                Delay_Init
 .text.Delay_Us
                0x0000000000002070       0x36 ./Debug/debug.o
                0x0000000000002070                Delay_Us
 .text.USART_Printf_Init
                0x00000000000020a6       0x5c ./Debug/debug.o
                0x00000000000020a6                USART_Printf_Init
 .text._write   0x0000000000002102       0x3e ./Debug/debug.o
                0x0000000000002102                _write
 .text._sbrk    0x0000000000002140       0x2a ./Debug/debug.o
                0x0000000000002140                _sbrk
 .text.memcpy   0x000000000000216a       0xb6 c:/mounriver/mrs_community/toolchain/risc-v embedded gcc/bin/../lib/gcc/riscv-none-embed/8.2.0/../../../../riscv-none-embed/lib/rv32imac/ilp32\libg_nano.a(lib_a-memcpy.o)
                0x000000000000216a                memcpy
 .text.printf   0x0000000000002220       0x40 c:/mounriver/mrs_community/toolchain/risc-v embedded gcc/bin/../lib/gcc/riscv-none-embed/8.2.0/../../../../riscv-none-embed/lib/rv32imac/ilp32\libg_nano.a(lib_a-printf.o)
                0x0000000000002220                iprintf
                0x0000000000002220                printf
 .text._puts_r  0x0000000000002260       0xda c:/mounriver/mrs_community/toolchain/risc-v embedded gcc/bin/../lib/gcc/riscv-none-embed/8.2.0/../../../../riscv-none-embed/lib/rv32imac/ilp32\libg_nano.a(lib_a-puts.o)
                0x0000000000002260                _puts_r
 .text.puts     0x000000000000233a        0xa c:/mounriver/mrs_community/toolchain/risc-v embedded gcc/bin/../lib/gcc/riscv-none-embed/8.2.0/../../../../riscv-none-embed/lib/rv32imac/ilp32\libg_nano.a(lib_a-puts.o)
                0x000000000000233a                puts
 .text.snprintf
                0x0000000000002344       0x70 c:/mounriver/mrs_community/toolchain/risc-v embedded gcc/bin/../lib/gcc/riscv-none-embed/8.2.0/../../../../riscv-none-embed/lib/rv32imac/ilp32\libg_nano.a(lib_a-snprintf.o)
                0x0000000000002344                sniprintf
                0x0000000000002344                snprintf
 .text.strncpy  0x00000000000023b4       0x24 c:/mounriver/mrs_community/toolchain/risc-v embedded gcc/bin/../lib/gcc/riscv-none-embed/8.2.0/../../../../riscv-none-embed/lib/rv32imac/ilp32\libg_nano.a(lib_a-strncpy.o)
                0x00000000000023b4                strncpy
 .text.__swbuf_r
                0x00000000000023d8       0xc0 c:/mounriver/mrs_community/toolchain/risc-v embedded gcc/bin/../lib/gcc/riscv-none-embed/8.2.0/../../../../riscv-none-embed/lib/rv32imac/ilp32\libg_nano.a(lib_a-wbuf.o)
                0x00000000000023d8                __swbuf_r
 .text.__swsetup_r
                0x0000000000002498      0x10c c:/mounriver/mrs_community/toolchain/risc-v embedded gcc/bin/../lib/gcc/riscv-none-embed/8.2.0/../../../../riscv-none-embed/lib/rv32imac/ilp32\libg_nano.a(lib_a-wsetup.o)
                0x0000000000002498                __swsetup_r
 .text.__sflush_r
                0x00000000000025a4      0x13c c:/mounriver/mrs_community/toolchain/risc-v embedded gcc/bin/../lib/gcc/riscv-none-embed/8.2.0/../../../../riscv-none-embed/lib/rv32imac/ilp32\libg_nano.a(lib_a-fflush.o)
                0x00000000000025a4                __sflush_r
 .text._fflush_r
                0x00000000000026e0       0x64 c:/mounriver/mrs_community/toolchain/risc-v embedded gcc/bin/../lib/gcc/riscv-none-embed/8.2.0/../../../../riscv-none-embed/lib/rv32imac/ilp32\libg_nano.a(lib_a-fflush.o)
                0x00000000000026e0                _fflush_r
 .text.std      0x0000000000002744       0x6a c:/mounriver/mrs_community/toolchain/risc-v embedded gcc/bin/../lib/gcc/riscv-none-embed/8.2.0/../../../../riscv-none-embed/lib/rv32imac/ilp32\libg_nano.a(lib_a-findfp.o)
 .text._cleanup_r
                0x00000000000027ae        0xa c:/mounriver/mrs_community/toolchain/risc-v embedded gcc/bin/../lib/gcc/riscv-none-embed/8.2.0/../../../../riscv-none-embed/lib/rv32imac/ilp32\libg_nano.a(lib_a-findfp.o)
                0x00000000000027ae                _cleanup_r
 .text.__sfmoreglue
                0x00000000000027b8       0x46 c:/mounriver/mrs_community/toolchain/risc-v embedded gcc/bin/../lib/gcc/riscv-none-embed/8.2.0/../../../../riscv-none-embed/lib/rv32imac/ilp32\libg_nano.a(lib_a-findfp.o)
                0x00000000000027b8                __sfmoreglue
 .text.__sinit  0x00000000000027fe       0x66 c:/mounriver/mrs_community/toolchain/risc-v embedded gcc/bin/../lib/gcc/riscv-none-embed/8.2.0/../../../../riscv-none-embed/lib/rv32imac/ilp32\libg_nano.a(lib_a-findfp.o)
                0x00000000000027fe                __sinit
 .text.__sfp    0x0000000000002864       0x9c c:/mounriver/mrs_community/toolchain/risc-v embedded gcc/bin/../lib/gcc/riscv-none-embed/8.2.0/../../../../riscv-none-embed/lib/rv32imac/ilp32\libg_nano.a(lib_a-findfp.o)
                0x0000000000002864                __sfp
 .text._fwalk_reent
                0x0000000000002900       0x6c c:/mounriver/mrs_community/toolchain/risc-v embedded gcc/bin/../lib/gcc/riscv-none-embed/8.2.0/../../../../riscv-none-embed/lib/rv32imac/ilp32\libg_nano.a(lib_a-fwalk.o)
                0x0000000000002900                _fwalk_reent
 .text.__swhatbuf_r
                0x000000000000296c       0x5a c:/mounriver/mrs_community/toolchain/risc-v embedded gcc/bin/../lib/gcc/riscv-none-embed/8.2.0/../../../../riscv-none-embed/lib/rv32imac/ilp32\libg_nano.a(lib_a-makebuf.o)
                0x000000000000296c                __swhatbuf_r
 .text.__smakebuf_r
                0x00000000000029c6       0x9e c:/mounriver/mrs_community/toolchain/risc-v embedded gcc/bin/../lib/gcc/riscv-none-embed/8.2.0/../../../../riscv-none-embed/lib/rv32imac/ilp32\libg_nano.a(lib_a-makebuf.o)
                0x00000000000029c6                __smakebuf_r
 .text._free_r  0x0000000000002a64       0xa8 c:/mounriver/mrs_community/toolchain/risc-v embedded gcc/bin/../lib/gcc/riscv-none-embed/8.2.0/../../../../riscv-none-embed/lib/rv32imac/ilp32\libg_nano.a(lib_a-nano-freer.o)
                0x0000000000002a64                _free_r
 .text._malloc_r
                0x0000000000002b0c       0xda c:/mounriver/mrs_community/toolchain/risc-v embedded gcc/bin/../lib/gcc/riscv-none-embed/8.2.0/../../../../riscv-none-embed/lib/rv32imac/ilp32\libg_nano.a(lib_a-nano-mallocr.o)
                0x0000000000002b0c                _malloc_r
 .text.__ssputs_r
                0x0000000000002be6       0xec c:/mounriver/mrs_community/toolchain/risc-v embedded gcc/bin/../lib/gcc/riscv-none-embed/8.2.0/../../../../riscv-none-embed/lib/rv32imac/ilp32\libg_nano.a(lib_a-nano-svfprintf.o)
                0x0000000000002be6                __ssputs_r
 .text._svfprintf_r
                0x0000000000002cd2      0x27e c:/mounriver/mrs_community/toolchain/risc-v embedded gcc/bin/../lib/gcc/riscv-none-embed/8.2.0/../../../../riscv-none-embed/lib/rv32imac/ilp32\libg_nano.a(lib_a-nano-svfprintf.o)
                0x0000000000002cd2                _svfiprintf_r
                0x0000000000002cd2                _svfprintf_r
 .text.__sfputc_r
                0x0000000000002f50       0x2a c:/mounriver/mrs_community/toolchain/risc-v embedded gcc/bin/../lib/gcc/riscv-none-embed/8.2.0/../../../../riscv-none-embed/lib/rv32imac/ilp32\libg_nano.a(lib_a-nano-vfprintf.o)
 .text.__sfputs_r
                0x0000000000002f7a       0x42 c:/mounriver/mrs_community/toolchain/risc-v embedded gcc/bin/../lib/gcc/riscv-none-embed/8.2.0/../../../../riscv-none-embed/lib/rv32imac/ilp32\libg_nano.a(lib_a-nano-vfprintf.o)
                0x0000000000002f7a                __sfputs_r
 .text._vfprintf_r
                0x0000000000002fbc      0x29a c:/mounriver/mrs_community/toolchain/risc-v embedded gcc/bin/../lib/gcc/riscv-none-embed/8.2.0/../../../../riscv-none-embed/lib/rv32imac/ilp32\libg_nano.a(lib_a-nano-vfprintf.o)
                0x0000000000002fbc                _vfprintf_r
                0x0000000000002fbc                _vfiprintf_r
 .text._printf_common
                0x0000000000003256      0x10c c:/mounriver/mrs_community/toolchain/risc-v embedded gcc/bin/../lib/gcc/riscv-none-embed/8.2.0/../../../../riscv-none-embed/lib/rv32imac/ilp32\libg_nano.a(lib_a-nano-vfprintf_i.o)
                0x0000000000003256                _printf_common
 .text._printf_i
                0x0000000000003362      0x2aa c:/mounriver/mrs_community/toolchain/risc-v embedded gcc/bin/../lib/gcc/riscv-none-embed/8.2.0/../../../../riscv-none-embed/lib/rv32imac/ilp32\libg_nano.a(lib_a-nano-vfprintf_i.o)
                0x0000000000003362                _printf_i
 .text._sbrk_r  0x000000000000360c       0x32 c:/mounriver/mrs_community/toolchain/risc-v embedded gcc/bin/../lib/gcc/riscv-none-embed/8.2.0/../../../../riscv-none-embed/lib/rv32imac/ilp32\libg_nano.a(lib_a-sbrkr.o)
                0x000000000000360c                _sbrk_r
 .text.__sread  0x000000000000363e       0x30 c:/mounriver/mrs_community/toolchain/risc-v embedded gcc/bin/../lib/gcc/riscv-none-embed/8.2.0/../../../../riscv-none-embed/lib/rv32imac/ilp32\libg_nano.a(lib_a-stdio.o)
                0x000000000000363e                __sread
 .text.__swrite
                0x000000000000366e       0x4e c:/mounriver/mrs_community/toolchain/risc-v embedded gcc/bin/../lib/gcc/riscv-none-embed/8.2.0/../../../../riscv-none-embed/lib/rv32imac/ilp32\libg_nano.a(lib_a-stdio.o)
                0x000000000000366e                __swrite
 .text.__sseek  0x00000000000036bc       0x36 c:/mounriver/mrs_community/toolchain/risc-v embedded gcc/bin/../lib/gcc/riscv-none-embed/8.2.0/../../../../riscv-none-embed/lib/rv32imac/ilp32\libg_nano.a(lib_a-stdio.o)
                0x00000000000036bc                __sseek
 .text.__sclose
                0x00000000000036f2        0x6 c:/mounriver/mrs_community/toolchain/risc-v embedded gcc/bin/../lib/gcc/riscv-none-embed/8.2.0/../../../../riscv-none-embed/lib/rv32imac/ilp32\libg_nano.a(lib_a-stdio.o)
                0x00000000000036f2                __sclose
 .text._write_r
                0x00000000000036f8       0x36 c:/mounriver/mrs_community/toolchain/risc-v embedded gcc/bin/../lib/gcc/riscv-none-embed/8.2.0/../../../../riscv-none-embed/lib/rv32imac/ilp32\libg_nano.a(lib_a-writer.o)
                0x00000000000036f8                _write_r
 .text._close_r
                0x000000000000372e       0x30 c:/mounriver/mrs_community/toolchain/risc-v embedded gcc/bin/../lib/gcc/riscv-none-embed/8.2.0/../../../../riscv-none-embed/lib/rv32imac/ilp32\libg_nano.a(lib_a-closer.o)
                0x000000000000372e                _close_r
 .text._fstat_r
                0x000000000000375e       0x32 c:/mounriver/mrs_community/toolchain/risc-v embedded gcc/bin/../lib/gcc/riscv-none-embed/8.2.0/../../../../riscv-none-embed/lib/rv32imac/ilp32\libg_nano.a(lib_a-fstatr.o)
                0x000000000000375e                _fstat_r
 .text._isatty_r
                0x0000000000003790       0x30 c:/mounriver/mrs_community/toolchain/risc-v embedded gcc/bin/../lib/gcc/riscv-none-embed/8.2.0/../../../../riscv-none-embed/lib/rv32imac/ilp32\libg_nano.a(lib_a-isattyr.o)
                0x0000000000003790                _isatty_r
 .text._lseek_r
                0x00000000000037c0       0x34 c:/mounriver/mrs_community/toolchain/risc-v embedded gcc/bin/../lib/gcc/riscv-none-embed/8.2.0/../../../../riscv-none-embed/lib/rv32imac/ilp32\libg_nano.a(lib_a-lseekr.o)
                0x00000000000037c0                _lseek_r
 .text.memchr   0x00000000000037f4       0x1a c:/mounriver/mrs_community/toolchain/risc-v embedded gcc/bin/../lib/gcc/riscv-none-embed/8.2.0/../../../../riscv-none-embed/lib/rv32imac/ilp32\libg_nano.a(lib_a-memchr.o)
                0x00000000000037f4                memchr
 .text.memmove  0x000000000000380e       0x4a c:/mounriver/mrs_community/toolchain/risc-v embedded gcc/bin/../lib/gcc/riscv-none-embed/8.2.0/../../../../riscv-none-embed/lib/rv32imac/ilp32\libg_nano.a(lib_a-memmove.o)
                0x000000000000380e                memmove
 .text.__malloc_lock
                0x0000000000003858        0x2 c:/mounriver/mrs_community/toolchain/risc-v embedded gcc/bin/../lib/gcc/riscv-none-embed/8.2.0/../../../../riscv-none-embed/lib/rv32imac/ilp32\libg_nano.a(lib_a-mlock.o)
                0x0000000000003858                __malloc_lock
 .text.__malloc_unlock
                0x000000000000385a        0x2 c:/mounriver/mrs_community/toolchain/risc-v embedded gcc/bin/../lib/gcc/riscv-none-embed/8.2.0/../../../../riscv-none-embed/lib/rv32imac/ilp32\libg_nano.a(lib_a-mlock.o)
                0x000000000000385a                __malloc_unlock
 .text._realloc_r
                0x000000000000385c       0x58 c:/mounriver/mrs_community/toolchain/risc-v embedded gcc/bin/../lib/gcc/riscv-none-embed/8.2.0/../../../../riscv-none-embed/lib/rv32imac/ilp32\libg_nano.a(lib_a-nano-reallocr.o)
                0x000000000000385c                _realloc_r
 .text._read_r  0x00000000000038b4       0x34 c:/mounriver/mrs_community/toolchain/risc-v embedded gcc/bin/../lib/gcc/riscv-none-embed/8.2.0/../../../../riscv-none-embed/lib/rv32imac/ilp32\libg_nano.a(lib_a-readr.o)
                0x00000000000038b4                _read_r
 .text._malloc_usable_size_r
                0x00000000000038e8       0x14 c:/mounriver/mrs_community/toolchain/risc-v embedded gcc/bin/../lib/gcc/riscv-none-embed/8.2.0/../../../../riscv-none-embed/lib/rv32imac/ilp32\libg_nano.a(lib_a-nano-msizer.o)
                0x00000000000038e8                _malloc_usable_size_r
 .text._close   0x00000000000038fc       0x10 c:/mounriver/mrs_community/toolchain/risc-v embedded gcc/bin/../lib/gcc/riscv-none-embed/8.2.0/../../../../riscv-none-embed/lib/rv32imac/ilp32\libnosys.a(close.o)
                0x00000000000038fc                _close
 .text._fstat   0x000000000000390c       0x10 c:/mounriver/mrs_community/toolchain/risc-v embedded gcc/bin/../lib/gcc/riscv-none-embed/8.2.0/../../../../riscv-none-embed/lib/rv32imac/ilp32\libnosys.a(fstat.o)
                0x000000000000390c                _fstat
 .text._isatty  0x000000000000391c       0x10 c:/mounriver/mrs_community/toolchain/risc-v embedded gcc/bin/../lib/gcc/riscv-none-embed/8.2.0/../../../../riscv-none-embed/lib/rv32imac/ilp32\libnosys.a(isatty.o)
                0x000000000000391c                _isatty
 .text._lseek   0x000000000000392c       0x10 c:/mounriver/mrs_community/toolchain/risc-v embedded gcc/bin/../lib/gcc/riscv-none-embed/8.2.0/../../../../riscv-none-embed/lib/rv32imac/ilp32\libnosys.a(lseek.o)
                0x000000000000392c                _lseek
 .text._read    0x000000000000393c       0x10 c:/mounriver/mrs_community/toolchain/risc-v embedded gcc/bin/../lib/gcc/riscv-none-embed/8.2.0/../../../../riscv-none-embed/lib/rv32imac/ilp32\libnosys.a(read.o)
                0x000000000000393c                _read
 *(.rodata)
 *(.rodata*)
 *fill*         0x000000000000394c        0x0 
 .rodata.main.str1.4
                0x000000000000394c       0xff ./User/main.o
 *fill*         0x0000000000003a4b        0x1 
 .rodata.USBFS_IRQHandler
                0x0000000000003a4c       0x30 ./USB_Device/ch32v30x_usbfs_device.o
 .rodata.MyCfgDescr
                0x0000000000003a7c       0x20 ./USB_Device/usb_desc.o
                0x0000000000003a7c                MyCfgDescr
 .rodata.MyDevDescr
                0x0000000000003a9c       0x12 ./USB_Device/usb_desc.o
                0x0000000000003a9c                MyDevDescr
 *fill*         0x0000000000003aae        0x2 
 .rodata.MyManuInfo
                0x0000000000003ab0        0xe ./USB_Device/usb_desc.o
                0x0000000000003ab0                MyManuInfo
 *fill*         0x0000000000003abe        0x2 
 .rodata.MyProdInfo
                0x0000000000003ac0       0x16 ./USB_Device/usb_desc.o
                0x0000000000003ac0                MyProdInfo
 *fill*         0x0000000000003ad6        0x2 
 .rodata.MySerNumInfo
                0x0000000000003ad8       0x16 ./USB_Device/usb_desc.o
                0x0000000000003ad8                MySerNumInfo
 *fill*         0x0000000000003aee        0x2 
 .rodata.UDISK_Mode_Senese_5A
                0x0000000000003af0       0x10 ./SW_UDISK/SW_UDISK.o
                0x0000000000003af0                UDISK_Mode_Senese_5A
 .rodata.UDISK_Mode_Sense_1A
                0x0000000000003b00        0xc ./SW_UDISK/SW_UDISK.o
                0x0000000000003b00                UDISK_Mode_Sense_1A
 .rodata.UDISK_Rd_Format_Capacity
                0x0000000000003b0c        0xc ./SW_UDISK/SW_UDISK.o
                0x0000000000003b0c                UDISK_Rd_Format_Capacity
 .rodata.FLASH_IC_Check.str1.4
                0x0000000000003b18       0x5e ./SPI_FLASH/SPI_FLASH.o
 *fill*         0x0000000000003b76        0x2 
 .rodata.get_file_size_spi.str1.4
                0x0000000000003b78        0xa ./FAT12/FAT12.o
 *fill*         0x0000000000003b82        0x2 
 .rodata.list_files_spi.str1.4
                0x0000000000003b84       0x40 ./FAT12/FAT12.o
 .rodata.__sf_fake_stderr
                0x0000000000003bc4       0x20 c:/mounriver/mrs_community/toolchain/risc-v embedded gcc/bin/../lib/gcc/riscv-none-embed/8.2.0/../../../../riscv-none-embed/lib/rv32imac/ilp32\libg_nano.a(lib_a-findfp.o)
                0x0000000000003bc4                __sf_fake_stderr
 .rodata.__sf_fake_stdin
                0x0000000000003be4       0x20 c:/mounriver/mrs_community/toolchain/risc-v embedded gcc/bin/../lib/gcc/riscv-none-embed/8.2.0/../../../../riscv-none-embed/lib/rv32imac/ilp32\libg_nano.a(lib_a-findfp.o)
                0x0000000000003be4                __sf_fake_stdin
 .rodata.__sf_fake_stdout
                0x0000000000003c04       0x20 c:/mounriver/mrs_community/toolchain/risc-v embedded gcc/bin/../lib/gcc/riscv-none-embed/8.2.0/../../../../riscv-none-embed/lib/rv32imac/ilp32\libg_nano.a(lib_a-findfp.o)
                0x0000000000003c04                __sf_fake_stdout
 .rodata._svfprintf_r.str1.4
                0x0000000000003c24       0x13 c:/mounriver/mrs_community/toolchain/risc-v embedded gcc/bin/../lib/gcc/riscv-none-embed/8.2.0/../../../../riscv-none-embed/lib/rv32imac/ilp32\libg_nano.a(lib_a-nano-svfprintf.o)
 .rodata._vfprintf_r.str1.4
                0x0000000000003c37       0x13 c:/mounriver/mrs_community/toolchain/risc-v embedded gcc/bin/../lib/gcc/riscv-none-embed/8.2.0/../../../../riscv-none-embed/lib/rv32imac/ilp32\libg_nano.a(lib_a-nano-vfprintf.o)
 *fill*         0x0000000000003c37        0x1 
 .rodata._printf_i.str1.4
                0x0000000000003c38       0x28 c:/mounriver/mrs_community/toolchain/risc-v embedded gcc/bin/../lib/gcc/riscv-none-embed/8.2.0/../../../../riscv-none-embed/lib/rv32imac/ilp32\libg_nano.a(lib_a-nano-vfprintf_i.o)
                                         0x25 (size before relaxing)
 *(.gnu.linkonce.t.*)
                0x0000000000003c60                . = ALIGN (0x4)

.rela.dyn       0x0000000000003c60        0x0
 .rela.init     0x0000000000003c60        0x0 ./User/ch32v30x_it.o
 .rela.vector   0x0000000000003c60        0x0 ./User/ch32v30x_it.o
 .rela.text.handle_reset
                0x0000000000003c60        0x0 ./User/ch32v30x_it.o
 .rela.text._sbrk
                0x0000000000003c60        0x0 ./User/ch32v30x_it.o
 .rela.sdata.curbrk.5375
                0x0000000000003c60        0x0 ./User/ch32v30x_it.o
 .rela.text._svfprintf_r
                0x0000000000003c60        0x0 ./User/ch32v30x_it.o
 .rela.text._vfprintf_r
                0x0000000000003c60        0x0 ./User/ch32v30x_it.o
 .rela.text._sbrk_r
                0x0000000000003c60        0x0 ./User/ch32v30x_it.o
 .rela.text._write_r
                0x0000000000003c60        0x0 ./User/ch32v30x_it.o
 .rela.text._close_r
                0x0000000000003c60        0x0 ./User/ch32v30x_it.o
 .rela.text._fstat_r
                0x0000000000003c60        0x0 ./User/ch32v30x_it.o
 .rela.text._isatty_r
                0x0000000000003c60        0x0 ./User/ch32v30x_it.o
 .rela.text._lseek_r
                0x0000000000003c60        0x0 ./User/ch32v30x_it.o
 .rela.text._read_r
                0x0000000000003c60        0x0 ./User/ch32v30x_it.o
 .rela.text._close
                0x0000000000003c60        0x0 ./User/ch32v30x_it.o
 .rela.text._fstat
                0x0000000000003c60        0x0 ./User/ch32v30x_it.o
 .rela.text._isatty
                0x0000000000003c60        0x0 ./User/ch32v30x_it.o
 .rela.text._lseek
                0x0000000000003c60        0x0 ./User/ch32v30x_it.o
 .rela.text._read
                0x0000000000003c60        0x0 ./User/ch32v30x_it.o

.fini           0x0000000000003c60        0x0
 *(SORT_NONE(.fini))
                0x0000000000003c60                . = ALIGN (0x4)
                [!provide]                        PROVIDE (_etext = .)
                [!provide]                        PROVIDE (_eitcm = .)

.preinit_array  0x0000000000003c60        0x0
                [!provide]                        PROVIDE (__preinit_array_start = .)
 *(.preinit_array)
                [!provide]                        PROVIDE (__preinit_array_end = .)

.init_array     0x0000000000003c60        0x0
                [!provide]                        PROVIDE (__init_array_start = .)
 *(SORT_BY_INIT_PRIORITY(.init_array.*) SORT_BY_INIT_PRIORITY(.ctors.*))
 *(.init_array EXCLUDE_FILE(*crtend?.o *crtend.o *crtbegin?.o *crtbegin.o) .ctors)
                [!provide]                        PROVIDE (__init_array_end = .)

.fini_array     0x0000000000003c60        0x0
                [!provide]                        PROVIDE (__fini_array_start = .)
 *(SORT_BY_INIT_PRIORITY(.fini_array.*) SORT_BY_INIT_PRIORITY(.dtors.*))
 *(.fini_array EXCLUDE_FILE(*crtend?.o *crtend.o *crtbegin?.o *crtbegin.o) .dtors)
                [!provide]                        PROVIDE (__fini_array_end = .)

.ctors
 *crtbegin.o(.ctors)
 *crtbegin?.o(.ctors)
 *(EXCLUDE_FILE(*crtend?.o *crtend.o) .ctors)
 *(SORT_BY_NAME(.ctors.*))
 *(.ctors)

.dtors
 *crtbegin.o(.dtors)
 *crtbegin?.o(.dtors)
 *(EXCLUDE_FILE(*crtend?.o *crtend.o) .dtors)
 *(SORT_BY_NAME(.dtors.*))
 *(.dtors)

.dalign         0x0000000020000000        0x0 load address 0x0000000000003c60
                0x0000000020000000                . = ALIGN (0x4)
                0x0000000020000000                PROVIDE (_data_vma = .)

.dlalign        0x0000000000003c60        0x0
                0x0000000000003c60                . = ALIGN (0x4)
                0x0000000000003c60                PROVIDE (_data_lma = .)

.data           0x0000000020000000       0xd0 load address 0x0000000000003c60
 *(.gnu.linkonce.r.*)
 *(.data .data.*)
 .data.AHBPrescTable
                0x0000000020000000       0x10 ./User/system_ch32v30x.o
                0x0000000020000000                AHBPrescTable
 .data.UDISK_Inquity_Tab
                0x0000000020000010       0x24 ./SW_UDISK/SW_UDISK.o
                0x0000000020000010                UDISK_Inquity_Tab
 .data.APBAHBPrescTable
                0x0000000020000034       0x10 ./Peripheral/src/ch32v30x_rcc.o
 .data.impure_data
                0x0000000020000044       0x60 c:/mounriver/mrs_community/toolchain/risc-v embedded gcc/bin/../lib/gcc/riscv-none-embed/8.2.0/../../../../riscv-none-embed/lib/rv32imac/ilp32\libg_nano.a(lib_a-impure.o)
 *(.gnu.linkonce.d.*)
                0x00000000200000a8                . = ALIGN (0x8)
 *fill*         0x00000000200000a4        0x4 
                0x00000000200008a8                PROVIDE (__global_pointer$ = (. + 0x800))
 *(.sdata .sdata.*)
 .sdata.SystemCoreClock
                0x00000000200000a8        0x4 ./User/system_ch32v30x.o
                0x00000000200000a8                SystemCoreClock
 .sdata.UDISK_Pack_Size
                0x00000000200000ac        0x2 ./SW_UDISK/SW_UDISK.o
                0x00000000200000ac                UDISK_Pack_Size
 *fill*         0x00000000200000ae        0x2 
 .sdata.ADCPrescTable
                0x00000000200000b0        0x4 ./Peripheral/src/ch32v30x_rcc.o
 .sdata.curbrk.5375
                0x00000000200000b4        0x4 ./Debug/debug.o
 .sdata._impure_ptr
                0x00000000200000b8        0x4 c:/mounriver/mrs_community/toolchain/risc-v embedded gcc/bin/../lib/gcc/riscv-none-embed/8.2.0/../../../../riscv-none-embed/lib/rv32imac/ilp32\libg_nano.a(lib_a-impure.o)
                0x00000000200000b8                _impure_ptr
 *(.sdata2.*)
 .sdata2.MyLangDescr
                0x00000000200000bc        0x4 ./USB_Device/usb_desc.o
                0x00000000200000bc                MyLangDescr
 .sdata2.UDISK_Rd_Capacity
                0x00000000200000c0        0x8 ./SW_UDISK/SW_UDISK.o
                0x00000000200000c0                UDISK_Rd_Capacity
 .sdata2._global_impure_ptr
                0x00000000200000c8        0x4 c:/mounriver/mrs_community/toolchain/risc-v embedded gcc/bin/../lib/gcc/riscv-none-embed/8.2.0/../../../../riscv-none-embed/lib/rv32imac/ilp32\libg_nano.a(lib_a-impure.o)
                0x00000000200000c8                _global_impure_ptr
 *(.gnu.linkonce.s.*)
                0x00000000200000d0                . = ALIGN (0x8)
 *fill*         0x00000000200000cc        0x4 
 *(.srodata.cst16)
 *(.srodata.cst8)
 *(.srodata.cst4)
 *(.srodata.cst2)
 *(.srodata .srodata.*)
                0x00000000200000d0                . = ALIGN (0x4)
                0x00000000200000d0                PROVIDE (_edata = .)

.bss            0x00000000200000d0     0x1178 load address 0x0000000000003d30
                0x00000000200000d0                . = ALIGN (0x4)
                0x00000000200000d0                PROVIDE (_sbss = .)
 *(.sbss*)
 .sbss.USBFS_DevAddr
                0x00000000200000d0        0x1 ./USB_Device/ch32v30x_usbfs_device.o
                0x00000000200000d0                USBFS_DevAddr
 .sbss.USBFS_DevConfig
                0x00000000200000d1        0x1 ./USB_Device/ch32v30x_usbfs_device.o
                0x00000000200000d1                USBFS_DevConfig
 .sbss.USBFS_DevEnumStatus
                0x00000000200000d2        0x1 ./USB_Device/ch32v30x_usbfs_device.o
                0x00000000200000d2                USBFS_DevEnumStatus
 .sbss.USBFS_DevSleepStatus
                0x00000000200000d3        0x1 ./USB_Device/ch32v30x_usbfs_device.o
                0x00000000200000d3                USBFS_DevSleepStatus
 .sbss.USBFS_Endp_Busy
                0x00000000200000d4        0x8 ./USB_Device/ch32v30x_usbfs_device.o
                0x00000000200000d4                USBFS_Endp_Busy
 .sbss.USBFS_SetupReqCode
                0x00000000200000dc        0x1 ./USB_Device/ch32v30x_usbfs_device.o
                0x00000000200000dc                USBFS_SetupReqCode
 *fill*         0x00000000200000dd        0x1 
 .sbss.USBFS_SetupReqIndex
                0x00000000200000de        0x2 ./USB_Device/ch32v30x_usbfs_device.o
                0x00000000200000de                USBFS_SetupReqIndex
 .sbss.USBFS_SetupReqLen
                0x00000000200000e0        0x2 ./USB_Device/ch32v30x_usbfs_device.o
                0x00000000200000e0                USBFS_SetupReqLen
 .sbss.USBFS_SetupReqType
                0x00000000200000e2        0x1 ./USB_Device/ch32v30x_usbfs_device.o
                0x00000000200000e2                USBFS_SetupReqType
 *fill*         0x00000000200000e3        0x1 
 .sbss.USBFS_SetupReqValue
                0x00000000200000e4        0x2 ./USB_Device/ch32v30x_usbfs_device.o
                0x00000000200000e4                USBFS_SetupReqValue
 *fill*         0x00000000200000e6        0x2 
 .sbss.pUSBFS_Descr
                0x00000000200000e8        0x4 ./USB_Device/ch32v30x_usbfs_device.o
                0x00000000200000e8                pUSBFS_Descr
 .sbss.UDISK_Cur_Sec_Lba
                0x00000000200000ec        0x4 ./SW_UDISK/SW_UDISK.o
                0x00000000200000ec                UDISK_Cur_Sec_Lba
 .sbss.UDISK_Sec_Pack_Count
                0x00000000200000f0        0x2 ./SW_UDISK/SW_UDISK.o
                0x00000000200000f0                UDISK_Sec_Pack_Count
 *fill*         0x00000000200000f2        0x2 
 .sbss.UDISK_Transfer_DataLen
                0x00000000200000f4        0x4 ./SW_UDISK/SW_UDISK.o
                0x00000000200000f4                UDISK_Transfer_DataLen
 .sbss.Udisk_CBW_Tag_Save
                0x00000000200000f8        0x4 ./SW_UDISK/SW_UDISK.o
                0x00000000200000f8                Udisk_CBW_Tag_Save
 .sbss.Udisk_CSW_Status
                0x00000000200000fc        0x1 ./SW_UDISK/SW_UDISK.o
                0x00000000200000fc                Udisk_CSW_Status
 *fill*         0x00000000200000fd        0x3 
 .sbss.Udisk_Capability
                0x0000000020000100        0x4 ./SW_UDISK/SW_UDISK.o
                0x0000000020000100                Udisk_Capability
 .sbss.Udisk_Sense_ASC
                0x0000000020000104        0x1 ./SW_UDISK/SW_UDISK.o
                0x0000000020000104                Udisk_Sense_ASC
 .sbss.Udisk_Sense_Key
                0x0000000020000105        0x1 ./SW_UDISK/SW_UDISK.o
                0x0000000020000105                Udisk_Sense_Key
 .sbss.Udisk_Status
                0x0000000020000106        0x1 ./SW_UDISK/SW_UDISK.o
                0x0000000020000106                Udisk_Status
 .sbss.Udisk_Transfer_Status
                0x0000000020000107        0x1 ./SW_UDISK/SW_UDISK.o
                0x0000000020000107                Udisk_Transfer_Status
 .sbss.pEndp2_Buf
                0x0000000020000108        0x4 ./SW_UDISK/SW_UDISK.o
                0x0000000020000108                pEndp2_Buf
 .sbss.Flash_ID
                0x000000002000010c        0x4 ./SPI_FLASH/SPI_FLASH.o
                0x000000002000010c                Flash_ID
 .sbss.Flash_Sector_Count
                0x0000000020000110        0x4 ./SPI_FLASH/SPI_FLASH.o
                0x0000000020000110                Flash_Sector_Count
 .sbss.Flash_Sector_Size
                0x0000000020000114        0x2 ./SPI_FLASH/SPI_FLASH.o
                0x0000000020000114                Flash_Sector_Size
 .sbss.Flash_Type
                0x0000000020000116        0x1 ./SPI_FLASH/SPI_FLASH.o
                0x0000000020000116                Flash_Type
 *fill*         0x0000000020000117        0x1 
 .sbss.p_ms     0x0000000020000118        0x2 ./Debug/debug.o
 .sbss.p_us     0x000000002000011a        0x1 ./Debug/debug.o
 *fill*         0x000000002000011b        0x1 
 .sbss.__malloc_free_list
                0x000000002000011c        0x4 c:/mounriver/mrs_community/toolchain/risc-v embedded gcc/bin/../lib/gcc/riscv-none-embed/8.2.0/../../../../riscv-none-embed/lib/rv32imac/ilp32\libg_nano.a(lib_a-nano-mallocr.o)
                0x000000002000011c                __malloc_free_list
 .sbss.__malloc_sbrk_start
                0x0000000020000120        0x4 c:/mounriver/mrs_community/toolchain/risc-v embedded gcc/bin/../lib/gcc/riscv-none-embed/8.2.0/../../../../riscv-none-embed/lib/rv32imac/ilp32\libg_nano.a(lib_a-nano-mallocr.o)
                0x0000000020000120                __malloc_sbrk_start
 *(.gnu.linkonce.sb.*)
 *(.bss*)
 .bss.UDisk_In_Buf
                0x0000000020000124       0x40 ./USB_Device/ch32v30x_usbfs_device.o
                0x0000000020000124                UDisk_In_Buf
 .bss.UDisk_Out_Buf
                0x0000000020000164       0x40 ./USB_Device/ch32v30x_usbfs_device.o
                0x0000000020000164                UDisk_Out_Buf
 .bss.USBFS_EP0_Buf
                0x00000000200001a4       0x40 ./USB_Device/ch32v30x_usbfs_device.o
                0x00000000200001a4                USBFS_EP0_Buf
 .bss.UDisk_Down_Buffer
                0x00000000200001e4     0x1000 ./SW_UDISK/SW_UDISK.o
                0x00000000200001e4                UDisk_Down_Buffer
 .bss.UDisk_Pack_Buffer
                0x00000000200011e4       0x40 ./SW_UDISK/SW_UDISK.o
                0x00000000200011e4                UDisk_Pack_Buffer
 .bss.mBOC      0x0000000020001224       0x1f ./SW_UDISK/SW_UDISK.o
                0x0000000020001224                mBOC
 *(.gnu.linkonce.b.*)
 *(COMMON*)
 *fill*         0x0000000020001243        0x1 
 COMMON         0x0000000020001244        0x4 c:/mounriver/mrs_community/toolchain/risc-v embedded gcc/bin/../lib/gcc/riscv-none-embed/8.2.0/../../../../riscv-none-embed/lib/rv32imac/ilp32\libg_nano.a(lib_a-reent.o)
                0x0000000020001244                errno
                0x0000000020001248                . = ALIGN (0x4)
                0x0000000020001248                PROVIDE (_ebss = .)
                0x0000000020001248                PROVIDE (_end = _ebss)
                [!provide]                        PROVIDE (end = .)

.stack          0x000000002001f800      0x800
                0x000000002001f800                PROVIDE (_heap_end = .)
                0x000000002001f800                . = ALIGN (0x4)
                [!provide]                        PROVIDE (_susrstack = .)
                0x0000000020020000                . = (. + __stack_size)
 *fill*         0x000000002001f800      0x800 
                0x0000000020020000                PROVIDE (_eusrstack = .)
OUTPUT(CH32V307VCT6USB2W25QQFLASH.elf elf32-littleriscv)

.debug_info     0x0000000000000000     0xe8b5
 .debug_info    0x0000000000000000      0x962 ./User/ch32v30x_it.o
 .debug_info    0x0000000000000962      0xff8 ./User/main.o
 .debug_info    0x000000000000195a      0xba5 ./User/system_ch32v30x.o
 .debug_info    0x00000000000024ff     0x1b94 ./USB_Device/ch32v30x_usbfs_device.o
 .debug_info    0x0000000000004093      0x9ff ./USB_Device/usb_desc.o
 .debug_info    0x0000000000004a92       0x22 ./Startup/startup_ch32v30x_D8C.o
 .debug_info    0x0000000000004ab4     0x1727 ./SW_UDISK/SW_UDISK.o
 .debug_info    0x00000000000061db     0x17ba ./SPI_FLASH/SPI_FLASH.o
 .debug_info    0x0000000000007995     0x1270 ./Peripheral/src/ch32v30x_gpio.o
 .debug_info    0x0000000000008c05     0x158a ./Peripheral/src/ch32v30x_rcc.o
 .debug_info    0x000000000000a18f     0x12cd ./Peripheral/src/ch32v30x_spi.o
 .debug_info    0x000000000000b45c     0x13cd ./Peripheral/src/ch32v30x_usart.o
 .debug_info    0x000000000000c829     0x1171 ./FAT12/FAT12.o
 .debug_info    0x000000000000d99a      0xf1b ./Debug/debug.o

.debug_abbrev   0x0000000000000000     0x27ed
 .debug_abbrev  0x0000000000000000      0x1cf ./User/ch32v30x_it.o
 .debug_abbrev  0x00000000000001cf      0x2ac ./User/main.o
 .debug_abbrev  0x000000000000047b      0x2c0 ./User/system_ch32v30x.o
 .debug_abbrev  0x000000000000073b      0x3c8 ./USB_Device/ch32v30x_usbfs_device.o
 .debug_abbrev  0x0000000000000b03      0x1c5 ./USB_Device/usb_desc.o
 .debug_abbrev  0x0000000000000cc8       0x12 ./Startup/startup_ch32v30x_D8C.o
 .debug_abbrev  0x0000000000000cda      0x430 ./SW_UDISK/SW_UDISK.o
 .debug_abbrev  0x000000000000110a      0x406 ./SPI_FLASH/SPI_FLASH.o
 .debug_abbrev  0x0000000000001510      0x31a ./Peripheral/src/ch32v30x_gpio.o
 .debug_abbrev  0x000000000000182a      0x351 ./Peripheral/src/ch32v30x_rcc.o
 .debug_abbrev  0x0000000000001b7b      0x312 ./Peripheral/src/ch32v30x_spi.o
 .debug_abbrev  0x0000000000001e8d      0x312 ./Peripheral/src/ch32v30x_usart.o
 .debug_abbrev  0x000000000000219f      0x364 ./FAT12/FAT12.o
 .debug_abbrev  0x0000000000002503      0x2ea ./Debug/debug.o

.debug_aranges  0x0000000000000000      0x6b0
 .debug_aranges
                0x0000000000000000       0x28 ./User/ch32v30x_it.o
 .debug_aranges
                0x0000000000000028       0x20 ./User/main.o
 .debug_aranges
                0x0000000000000048       0x28 ./User/system_ch32v30x.o
 .debug_aranges
                0x0000000000000070       0x48 ./USB_Device/ch32v30x_usbfs_device.o
 .debug_aranges
                0x00000000000000b8       0x18 ./USB_Device/usb_desc.o
 .debug_aranges
                0x00000000000000d0       0x30 ./Startup/startup_ch32v30x_D8C.o
 .debug_aranges
                0x0000000000000100       0x68 ./SW_UDISK/SW_UDISK.o
 .debug_aranges
                0x0000000000000168       0x90 ./SPI_FLASH/SPI_FLASH.o
 .debug_aranges
                0x00000000000001f8       0xb0 ./Peripheral/src/ch32v30x_gpio.o
 .debug_aranges
                0x00000000000002a8      0x1a8 ./Peripheral/src/ch32v30x_rcc.o
 .debug_aranges
                0x0000000000000450       0xd0 ./Peripheral/src/ch32v30x_spi.o
 .debug_aranges
                0x0000000000000520       0xf0 ./Peripheral/src/ch32v30x_usart.o
 .debug_aranges
                0x0000000000000610       0x58 ./FAT12/FAT12.o
 .debug_aranges
                0x0000000000000668       0x48 ./Debug/debug.o

.debug_ranges   0x0000000000000000      0x738
 .debug_ranges  0x0000000000000000       0x18 ./User/ch32v30x_it.o
 .debug_ranges  0x0000000000000018       0x10 ./User/main.o
 .debug_ranges  0x0000000000000028       0x38 ./User/system_ch32v30x.o
 .debug_ranges  0x0000000000000060       0x50 ./USB_Device/ch32v30x_usbfs_device.o
 .debug_ranges  0x00000000000000b0       0x28 ./Startup/startup_ch32v30x_D8C.o
 .debug_ranges  0x00000000000000d8       0xc8 ./SW_UDISK/SW_UDISK.o
 .debug_ranges  0x00000000000001a0       0x98 ./SPI_FLASH/SPI_FLASH.o
 .debug_ranges  0x0000000000000238       0xa0 ./Peripheral/src/ch32v30x_gpio.o
 .debug_ranges  0x00000000000002d8      0x198 ./Peripheral/src/ch32v30x_rcc.o
 .debug_ranges  0x0000000000000470       0xc0 ./Peripheral/src/ch32v30x_spi.o
 .debug_ranges  0x0000000000000530       0xe0 ./Peripheral/src/ch32v30x_usart.o
 .debug_ranges  0x0000000000000610       0xf0 ./FAT12/FAT12.o
 .debug_ranges  0x0000000000000700       0x38 ./Debug/debug.o

.debug_line     0x0000000000000000     0xa7e8
 .debug_line    0x0000000000000000      0x242 ./User/ch32v30x_it.o
 .debug_line    0x0000000000000242      0x521 ./User/main.o
 .debug_line    0x0000000000000763      0x778 ./User/system_ch32v30x.o
 .debug_line    0x0000000000000edb     0x172f ./USB_Device/ch32v30x_usbfs_device.o
 .debug_line    0x000000000000260a      0x203 ./USB_Device/usb_desc.o
 .debug_line    0x000000000000280d      0x122 ./Startup/startup_ch32v30x_D8C.o
 .debug_line    0x000000000000292f     0x173d ./SW_UDISK/SW_UDISK.o
 .debug_line    0x000000000000406c      0xe7f ./SPI_FLASH/SPI_FLASH.o
 .debug_line    0x0000000000004eeb     0x11eb ./Peripheral/src/ch32v30x_gpio.o
 .debug_line    0x00000000000060d6     0x19ae ./Peripheral/src/ch32v30x_rcc.o
 .debug_line    0x0000000000007a84      0xd55 ./Peripheral/src/ch32v30x_spi.o
 .debug_line    0x00000000000087d9      0xf1b ./Peripheral/src/ch32v30x_usart.o
 .debug_line    0x00000000000096f4      0x9cc ./FAT12/FAT12.o
 .debug_line    0x000000000000a0c0      0x728 ./Debug/debug.o

.debug_str      0x0000000000000000     0x2afa
 .debug_str     0x0000000000000000      0x551 ./User/ch32v30x_it.o
                                        0x5c0 (size before relaxing)
 .debug_str     0x0000000000000551      0x50e ./User/main.o
                                        0xac5 (size before relaxing)
 .debug_str     0x0000000000000a5f      0x10a ./User/system_ch32v30x.o
                                        0x6eb (size before relaxing)
 .debug_str     0x0000000000000b69      0xb49 ./USB_Device/ch32v30x_usbfs_device.o
                                       0x146d (size before relaxing)
 .debug_str     0x00000000000016b2       0x19 ./USB_Device/usb_desc.o
                                        0x5fc (size before relaxing)
 .debug_str     0x00000000000016cb       0x2e ./Startup/startup_ch32v30x_D8C.o
                                         0x76 (size before relaxing)
 .debug_str     0x00000000000016f9      0x159 ./SW_UDISK/SW_UDISK.o
                                        0xd23 (size before relaxing)
 .debug_str     0x0000000000001852      0x365 ./SPI_FLASH/SPI_FLASH.o
                                        0xcdb (size before relaxing)
 .debug_str     0x0000000000001bb7      0x26a ./Peripheral/src/ch32v30x_gpio.o
                                        0x9ba (size before relaxing)
 .debug_str     0x0000000000001e21      0x548 ./Peripheral/src/ch32v30x_rcc.o
                                        0xce9 (size before relaxing)
 .debug_str     0x0000000000002369      0x260 ./Peripheral/src/ch32v30x_spi.o
                                        0xa99 (size before relaxing)
 .debug_str     0x00000000000025c9      0x3e2 ./Peripheral/src/ch32v30x_usart.o
                                        0xb04 (size before relaxing)
 .debug_str     0x00000000000029ab       0xd9 ./FAT12/FAT12.o
                                        0x811 (size before relaxing)
 .debug_str     0x0000000000002a84       0x76 ./Debug/debug.o
                                        0x919 (size before relaxing)

.comment        0x0000000000000000       0x33
 .comment       0x0000000000000000       0x33 ./User/ch32v30x_it.o
                                         0x34 (size before relaxing)
 .comment       0x0000000000000033       0x34 ./User/main.o
 .comment       0x0000000000000033       0x34 ./User/system_ch32v30x.o
 .comment       0x0000000000000033       0x34 ./USB_Device/ch32v30x_usbfs_device.o
 .comment       0x0000000000000033       0x34 ./USB_Device/usb_desc.o
 .comment       0x0000000000000033       0x34 ./SW_UDISK/SW_UDISK.o
 .comment       0x0000000000000033       0x34 ./SPI_FLASH/SPI_FLASH.o
 .comment       0x0000000000000033       0x34 ./Peripheral/src/ch32v30x_gpio.o
 .comment       0x0000000000000033       0x34 ./Peripheral/src/ch32v30x_rcc.o
 .comment       0x0000000000000033       0x34 ./Peripheral/src/ch32v30x_spi.o
 .comment       0x0000000000000033       0x34 ./Peripheral/src/ch32v30x_usart.o
 .comment       0x0000000000000033       0x34 ./FAT12/FAT12.o
 .comment       0x0000000000000033       0x34 ./Debug/debug.o

.debug_frame    0x0000000000000000     0x19d8
 .debug_frame   0x0000000000000000       0x30 ./User/ch32v30x_it.o
 .debug_frame   0x0000000000000030       0x2c ./User/main.o
 .debug_frame   0x000000000000005c       0x3c ./User/system_ch32v30x.o
 .debug_frame   0x0000000000000098       0xdc ./USB_Device/ch32v30x_usbfs_device.o
 .debug_frame   0x0000000000000174      0x128 ./SW_UDISK/SW_UDISK.o
 .debug_frame   0x000000000000029c      0x23c ./SPI_FLASH/SPI_FLASH.o
 .debug_frame   0x00000000000004d8      0x174 ./Peripheral/src/ch32v30x_gpio.o
 .debug_frame   0x000000000000064c      0x344 ./Peripheral/src/ch32v30x_rcc.o
 .debug_frame   0x0000000000000990      0x1a8 ./Peripheral/src/ch32v30x_spi.o
 .debug_frame   0x0000000000000b38      0x1e4 ./Peripheral/src/ch32v30x_usart.o
 .debug_frame   0x0000000000000d1c      0x10c ./FAT12/FAT12.o
 .debug_frame   0x0000000000000e28       0x9c ./Debug/debug.o
 .debug_frame   0x0000000000000ec4       0x20 c:/mounriver/mrs_community/toolchain/risc-v embedded gcc/bin/../lib/gcc/riscv-none-embed/8.2.0/../../../../riscv-none-embed/lib/rv32imac/ilp32\libg_nano.a(lib_a-memcpy.o)
 .debug_frame   0x0000000000000ee4       0x54 c:/mounriver/mrs_community/toolchain/risc-v embedded gcc/bin/../lib/gcc/riscv-none-embed/8.2.0/../../../../riscv-none-embed/lib/rv32imac/ilp32\libg_nano.a(lib_a-printf.o)
 .debug_frame   0x0000000000000f38       0x54 c:/mounriver/mrs_community/toolchain/risc-v embedded gcc/bin/../lib/gcc/riscv-none-embed/8.2.0/../../../../riscv-none-embed/lib/rv32imac/ilp32\libg_nano.a(lib_a-puts.o)
 .debug_frame   0x0000000000000f8c       0x60 c:/mounriver/mrs_community/toolchain/risc-v embedded gcc/bin/../lib/gcc/riscv-none-embed/8.2.0/../../../../riscv-none-embed/lib/rv32imac/ilp32\libg_nano.a(lib_a-snprintf.o)
 .debug_frame   0x0000000000000fec       0x20 c:/mounriver/mrs_community/toolchain/risc-v embedded gcc/bin/../lib/gcc/riscv-none-embed/8.2.0/../../../../riscv-none-embed/lib/rv32imac/ilp32\libg_nano.a(lib_a-strncpy.o)
 .debug_frame   0x000000000000100c       0x50 c:/mounriver/mrs_community/toolchain/risc-v embedded gcc/bin/../lib/gcc/riscv-none-embed/8.2.0/../../../../riscv-none-embed/lib/rv32imac/ilp32\libg_nano.a(lib_a-wbuf.o)
 .debug_frame   0x000000000000105c       0x3c c:/mounriver/mrs_community/toolchain/risc-v embedded gcc/bin/../lib/gcc/riscv-none-embed/8.2.0/../../../../riscv-none-embed/lib/rv32imac/ilp32\libg_nano.a(lib_a-wsetup.o)
 .debug_frame   0x0000000000001098       0x7c c:/mounriver/mrs_community/toolchain/risc-v embedded gcc/bin/../lib/gcc/riscv-none-embed/8.2.0/../../../../riscv-none-embed/lib/rv32imac/ilp32\libg_nano.a(lib_a-fflush.o)
 .debug_frame   0x0000000000001114      0x148 c:/mounriver/mrs_community/toolchain/risc-v embedded gcc/bin/../lib/gcc/riscv-none-embed/8.2.0/../../../../riscv-none-embed/lib/rv32imac/ilp32\libg_nano.a(lib_a-findfp.o)
 .debug_frame   0x000000000000125c       0x88 c:/mounriver/mrs_community/toolchain/risc-v embedded gcc/bin/../lib/gcc/riscv-none-embed/8.2.0/../../../../riscv-none-embed/lib/rv32imac/ilp32\libg_nano.a(lib_a-fwalk.o)
 .debug_frame   0x00000000000012e4       0x64 c:/mounriver/mrs_community/toolchain/risc-v embedded gcc/bin/../lib/gcc/riscv-none-embed/8.2.0/../../../../riscv-none-embed/lib/rv32imac/ilp32\libg_nano.a(lib_a-makebuf.o)
 .debug_frame   0x0000000000001348       0x40 c:/mounriver/mrs_community/toolchain/risc-v embedded gcc/bin/../lib/gcc/riscv-none-embed/8.2.0/../../../../riscv-none-embed/lib/rv32imac/ilp32\libg_nano.a(lib_a-nano-freer.o)
 .debug_frame   0x0000000000001388       0x40 c:/mounriver/mrs_community/toolchain/risc-v embedded gcc/bin/../lib/gcc/riscv-none-embed/8.2.0/../../../../riscv-none-embed/lib/rv32imac/ilp32\libg_nano.a(lib_a-nano-mallocr.o)
 .debug_frame   0x00000000000013c8       0xe0 c:/mounriver/mrs_community/toolchain/risc-v embedded gcc/bin/../lib/gcc/riscv-none-embed/8.2.0/../../../../riscv-none-embed/lib/rv32imac/ilp32\libg_nano.a(lib_a-nano-svfprintf.o)
 .debug_frame   0x00000000000014a8       0xd0 c:/mounriver/mrs_community/toolchain/risc-v embedded gcc/bin/../lib/gcc/riscv-none-embed/8.2.0/../../../../riscv-none-embed/lib/rv32imac/ilp32\libg_nano.a(lib_a-nano-vfprintf.o)
 .debug_frame   0x0000000000001578       0x8c c:/mounriver/mrs_community/toolchain/risc-v embedded gcc/bin/../lib/gcc/riscv-none-embed/8.2.0/../../../../riscv-none-embed/lib/rv32imac/ilp32\libg_nano.a(lib_a-nano-vfprintf_i.o)
 .debug_frame   0x0000000000001604       0x30 c:/mounriver/mrs_community/toolchain/risc-v embedded gcc/bin/../lib/gcc/riscv-none-embed/8.2.0/../../../../riscv-none-embed/lib/rv32imac/ilp32\libg_nano.a(lib_a-sbrkr.o)
 .debug_frame   0x0000000000001634       0xa4 c:/mounriver/mrs_community/toolchain/risc-v embedded gcc/bin/../lib/gcc/riscv-none-embed/8.2.0/../../../../riscv-none-embed/lib/rv32imac/ilp32\libg_nano.a(lib_a-stdio.o)
 .debug_frame   0x00000000000016d8       0x30 c:/mounriver/mrs_community/toolchain/risc-v embedded gcc/bin/../lib/gcc/riscv-none-embed/8.2.0/../../../../riscv-none-embed/lib/rv32imac/ilp32\libg_nano.a(lib_a-writer.o)
 .debug_frame   0x0000000000001708       0x30 c:/mounriver/mrs_community/toolchain/risc-v embedded gcc/bin/../lib/gcc/riscv-none-embed/8.2.0/../../../../riscv-none-embed/lib/rv32imac/ilp32\libg_nano.a(lib_a-closer.o)
 .debug_frame   0x0000000000001738       0x30 c:/mounriver/mrs_community/toolchain/risc-v embedded gcc/bin/../lib/gcc/riscv-none-embed/8.2.0/../../../../riscv-none-embed/lib/rv32imac/ilp32\libg_nano.a(lib_a-fstatr.o)
 .debug_frame   0x0000000000001768       0x30 c:/mounriver/mrs_community/toolchain/risc-v embedded gcc/bin/../lib/gcc/riscv-none-embed/8.2.0/../../../../riscv-none-embed/lib/rv32imac/ilp32\libg_nano.a(lib_a-isattyr.o)
 .debug_frame   0x0000000000001798       0x30 c:/mounriver/mrs_community/toolchain/risc-v embedded gcc/bin/../lib/gcc/riscv-none-embed/8.2.0/../../../../riscv-none-embed/lib/rv32imac/ilp32\libg_nano.a(lib_a-lseekr.o)
 .debug_frame   0x00000000000017c8       0x20 c:/mounriver/mrs_community/toolchain/risc-v embedded gcc/bin/../lib/gcc/riscv-none-embed/8.2.0/../../../../riscv-none-embed/lib/rv32imac/ilp32\libg_nano.a(lib_a-memchr.o)
 .debug_frame   0x00000000000017e8       0x20 c:/mounriver/mrs_community/toolchain/risc-v embedded gcc/bin/../lib/gcc/riscv-none-embed/8.2.0/../../../../riscv-none-embed/lib/rv32imac/ilp32\libg_nano.a(lib_a-memmove.o)
 .debug_frame   0x0000000000001808       0x30 c:/mounriver/mrs_community/toolchain/risc-v embedded gcc/bin/../lib/gcc/riscv-none-embed/8.2.0/../../../../riscv-none-embed/lib/rv32imac/ilp32\libg_nano.a(lib_a-mlock.o)
 .debug_frame   0x0000000000001838       0x40 c:/mounriver/mrs_community/toolchain/risc-v embedded gcc/bin/../lib/gcc/riscv-none-embed/8.2.0/../../../../riscv-none-embed/lib/rv32imac/ilp32\libg_nano.a(lib_a-nano-reallocr.o)
 .debug_frame   0x0000000000001878       0x30 c:/mounriver/mrs_community/toolchain/risc-v embedded gcc/bin/../lib/gcc/riscv-none-embed/8.2.0/../../../../riscv-none-embed/lib/rv32imac/ilp32\libg_nano.a(lib_a-readr.o)
 .debug_frame   0x00000000000018a8       0x70 c:/mounriver/mrs_community/toolchain/risc-v embedded gcc/bin/../lib/gcc/riscv-none-embed/8.2.0/../../../../riscv-none-embed/lib/rv32imac/ilp32\libg_nano.a(lib_a-reent.o)
 .debug_frame   0x0000000000001918       0x20 c:/mounriver/mrs_community/toolchain/risc-v embedded gcc/bin/../lib/gcc/riscv-none-embed/8.2.0/../../../../riscv-none-embed/lib/rv32imac/ilp32\libg_nano.a(lib_a-nano-msizer.o)
 .debug_frame   0x0000000000001938       0x20 c:/mounriver/mrs_community/toolchain/risc-v embedded gcc/bin/../lib/gcc/riscv-none-embed/8.2.0/../../../../riscv-none-embed/lib/rv32imac/ilp32\libnosys.a(close.o)
 .debug_frame   0x0000000000001958       0x20 c:/mounriver/mrs_community/toolchain/risc-v embedded gcc/bin/../lib/gcc/riscv-none-embed/8.2.0/../../../../riscv-none-embed/lib/rv32imac/ilp32\libnosys.a(fstat.o)
 .debug_frame   0x0000000000001978       0x20 c:/mounriver/mrs_community/toolchain/risc-v embedded gcc/bin/../lib/gcc/riscv-none-embed/8.2.0/../../../../riscv-none-embed/lib/rv32imac/ilp32\libnosys.a(isatty.o)
 .debug_frame   0x0000000000001998       0x20 c:/mounriver/mrs_community/toolchain/risc-v embedded gcc/bin/../lib/gcc/riscv-none-embed/8.2.0/../../../../riscv-none-embed/lib/rv32imac/ilp32\libnosys.a(lseek.o)
 .debug_frame   0x00000000000019b8       0x20 c:/mounriver/mrs_community/toolchain/risc-v embedded gcc/bin/../lib/gcc/riscv-none-embed/8.2.0/../../../../riscv-none-embed/lib/rv32imac/ilp32\libnosys.a(read.o)

.debug_loc      0x0000000000000000     0x348d
 .debug_loc     0x0000000000000000       0x29 ./User/main.o
 .debug_loc     0x0000000000000029       0xda ./User/system_ch32v30x.o
 .debug_loc     0x0000000000000103      0x3f7 ./USB_Device/ch32v30x_usbfs_device.o
 .debug_loc     0x00000000000004fa      0x394 ./SW_UDISK/SW_UDISK.o
 .debug_loc     0x000000000000088e      0x777 ./SPI_FLASH/SPI_FLASH.o
 .debug_loc     0x0000000000001005      0x716 ./Peripheral/src/ch32v30x_gpio.o
 .debug_loc     0x000000000000171b      0xadb ./Peripheral/src/ch32v30x_rcc.o
 .debug_loc     0x00000000000021f6      0x598 ./Peripheral/src/ch32v30x_spi.o
 .debug_loc     0x000000000000278e      0x779 ./Peripheral/src/ch32v30x_usart.o
 .debug_loc     0x0000000000002f07      0x40f ./FAT12/FAT12.o
 .debug_loc     0x0000000000003316      0x177 ./Debug/debug.o

.stab           0x0000000000000000       0x84
 .stab          0x0000000000000000       0x24 c:/mounriver/mrs_community/toolchain/risc-v embedded gcc/bin/../lib/gcc/riscv-none-embed/8.2.0/../../../../riscv-none-embed/lib/rv32imac/ilp32\libnosys.a(close.o)
 .stab          0x0000000000000024       0x18 c:/mounriver/mrs_community/toolchain/risc-v embedded gcc/bin/../lib/gcc/riscv-none-embed/8.2.0/../../../../riscv-none-embed/lib/rv32imac/ilp32\libnosys.a(fstat.o)
                                         0x24 (size before relaxing)
 .stab          0x000000000000003c       0x18 c:/mounriver/mrs_community/toolchain/risc-v embedded gcc/bin/../lib/gcc/riscv-none-embed/8.2.0/../../../../riscv-none-embed/lib/rv32imac/ilp32\libnosys.a(isatty.o)
                                         0x24 (size before relaxing)
 .stab          0x0000000000000054       0x18 c:/mounriver/mrs_community/toolchain/risc-v embedded gcc/bin/../lib/gcc/riscv-none-embed/8.2.0/../../../../riscv-none-embed/lib/rv32imac/ilp32\libnosys.a(lseek.o)
                                         0x24 (size before relaxing)
 .stab          0x000000000000006c       0x18 c:/mounriver/mrs_community/toolchain/risc-v embedded gcc/bin/../lib/gcc/riscv-none-embed/8.2.0/../../../../riscv-none-embed/lib/rv32imac/ilp32\libnosys.a(read.o)
                                         0x24 (size before relaxing)

.stabstr        0x0000000000000000      0x117
 .stabstr       0x0000000000000000      0x117 c:/mounriver/mrs_community/toolchain/risc-v embedded gcc/bin/../lib/gcc/riscv-none-embed/8.2.0/../../../../riscv-none-embed/lib/rv32imac/ilp32\libnosys.a(close.o)
